// Jest Snapshot v1, https://goo.gl/fbAQLP

exports[`Register component renders properly 1`] = `
<div
  className="main"
>
  <div
    className="d-flex"
  >
    <Link
      className="main-login-btn btn btn-outline-secondary shadow"
      to="/login"
    >
      Log in
    </Link>
    <div
      className="main-left-side d-flex"
    >
      <h1
        className="pl-5 align-items-center align-self-center"
        style={
          Object {
            "fontSize": "68px",
            "fontWeight": "900",
          }
        }
      >
        Shopping 
        <br />
         Basket.
      </h1>
    </div>
    <div
      className="main-right-side"
    >
      <div
        className="card rounded-lg shadow"
        style={
          Object {
            "borderColor": "#C4CFDB",
            "width": "28rem",
          }
        }
      >
        <div
          className="card-body"
        >
          <p
            className="lead py-3"
            style={
              Object {
                "color": "#3D4852",
                "fontSize": "18px",
                "fontWeight": "bold",
              }
            }
          >
             
            Register to get started.
          </p>
          <form
            onSubmit={[Function]}
          >
            <div
              className="form-group"
            >
              <input
                className="form-control form-rounded"
                name="name"
                onChange={[Function]}
                placeholder="Username"
                type="text"
                value=""
              />
            </div>
            <div
              className="form-group form-rounded"
            >
              <input
                className="form-control form-rounded"
                id="email"
                name="email"
                onChange={[Function]}
                placeholder="Email"
                type="email"
                value=""
              />
            </div>
            <div
              className="form-group"
            >
              <input
                className="form-control form-rounded"
                id="password"
                name="password"
                onChange={[Function]}
                placeholder="Password"
                type="password"
                value=""
              />
            </div>
            <button
              className="btn btn-register btn-block"
              type="submit"
            >
              Register
            </button>
            <hr
              className="my-5"
            />
            <p
              className="lead text-center"
              style={
                Object {
                  "color": "#ABBBC8",
                }
              }
            >
              Already have an account?
               
              <Link
                style={
                  Object {
                    "color": "#0071E2",
                    "fontWeight": "400",
                  }
                }
                to="/login"
              >
                Login
              </Link>
            </p>
          </form>
        </div>
      </div>
    </div>
  </div>
</div>
`;
